// Jest Snapshot v1, https://goo.gl/fbAQLP

exports[`unknown plugin 1. unknown plugin: 1. unknown plugin 1`] = `

import MyMacro from './my.macro'
const props = { arr:[{name:'123'}]}
MyMacro(props, _=>_.arr[0].name)

      ↓ ↓ ↓ ↓ ↓ ↓

var _ref;

const props = {
  arr: [
    {
      name: "123",
    },
  ],
};
(_ref = props) != null
  ? (_ref = _ref.arr) != null
    ? (_ref = _ref[0]) != null
      ? _ref.name
      : _ref
    : _ref
  : _ref;


`;
